<testsuites id="" name="" tests="8" failures="0" skipped="0" errors="0" time="120.306819">
<testsuite name="accountPayment/creditCard/creditCard.spec.ts" timestamp="2026-02-27T02:49:24.272Z" hostname="chromium" tests="1" failures="0" skipped="0" time="62.585" errors="0">
<testcase name="credit card payment - 3 months" classname="accountPayment/creditCard/creditCard.spec.ts" time="62.585">
</testcase>
</testsuite>
<testsuite name="accountRegistration/accountRegistration.spec.ts" timestamp="2026-02-27T02:49:24.272Z" hostname="chromium" tests="1" failures="0" skipped="0" time="41.906" errors="0">
<testcase name="account register" classname="accountRegistration/accountRegistration.spec.ts" time="41.906">
</testcase>
</testsuite>
<testsuite name="analysisReport/analysisReport.spec.ts" timestamp="2026-02-27T02:49:24.272Z" hostname="chromium" tests="1" failures="0" skipped="0" time="25.1" errors="0">
<testcase name="analysis report" classname="analysisReport/analysisReport.spec.ts" time="25.1">
</testcase>
</testsuite>
<testsuite name="CIR/CIR.spec.ts" timestamp="2026-02-27T02:49:24.272Z" hostname="chromium" tests="1" failures="0" skipped="0" time="117.67" errors="0">
<testcase name="interaction record" classname="CIR/CIR.spec.ts" time="117.67">
<system-err>
<![CDATA[Deprecation warning: value provided is not in a recognized RFC2822 or ISO format. moment construction falls back to js Date(), which is not reliable across all browsers and versions. Non RFC2822/ISO date formats are discouraged. Please refer to http://momentjs.com/guides/#/warnings/js-date/ for more info.
Arguments: 
[0] _isAMomentObject: true, _isUTC: false, _useUTC: false, _l: undefined, _i: 2026/2/27 (金) 10:50, _f: undefined, _strict: undefined, _locale: [object Object]
Error: 
    at Function.createFromInputFallback (/Users/ivanescoro/Desktop/epose-poc/node_modules/moment/moment.js:324:25)
    at configFromString (/Users/ivanescoro/Desktop/epose-poc/node_modules/moment/moment.js:2613:19)
    at configFromInput (/Users/ivanescoro/Desktop/epose-poc/node_modules/moment/moment.js:3056:13)
    at prepareConfig (/Users/ivanescoro/Desktop/epose-poc/node_modules/moment/moment.js:3039:13)
    at createFromConfig (/Users/ivanescoro/Desktop/epose-poc/node_modules/moment/moment.js:3006:44)
    at createLocalOrUTC (/Users/ivanescoro/Desktop/epose-poc/node_modules/moment/moment.js:3100:16)
    at createLocal (/Users/ivanescoro/Desktop/epose-poc/node_modules/moment/moment.js:3104:16)
    at moment (/Users/ivanescoro/Desktop/epose-poc/node_modules/moment/moment.js:16:29)
    at file:///Users/ivanescoro/Desktop/epose-poc/tests/CIR/CIR.spec.ts:68:9
    at file:///Users/ivanescoro/Desktop/epose-poc/tests/CIR/CIR.spec.ts:67:5
    at /Users/ivanescoro/Desktop/epose-poc/node_modules/playwright/lib/worker/workerMain.js:322:9
    at /Users/ivanescoro/Desktop/epose-poc/node_modules/playwright/lib/worker/testInfo.js:311:11
    at TimeoutManager.withRunnable (/Users/ivanescoro/Desktop/epose-poc/node_modules/playwright/lib/worker/timeoutManager.js:67:14)
    at TestInfoImpl._runWithTimeout (/Users/ivanescoro/Desktop/epose-poc/node_modules/playwright/lib/worker/testInfo.js:309:7)
    at /Users/ivanescoro/Desktop/epose-poc/node_modules/playwright/lib/worker/workerMain.js:320:7
    at WorkerMain._runTest (/Users/ivanescoro/Desktop/epose-poc/node_modules/playwright/lib/worker/workerMain.js:295:5)
    at WorkerMain.runTestGroup (/Users/ivanescoro/Desktop/epose-poc/node_modules/playwright/lib/worker/workerMain.js:199:11)
    at process.<anonymous> (/Users/ivanescoro/Desktop/epose-poc/node_modules/playwright/lib/common/process.js:65:22)
]]>
</system-err>
</testcase>
</testsuite>
<testsuite name="login/login.spec.ts" timestamp="2026-02-27T02:49:24.272Z" hostname="chromium" tests="1" failures="0" skipped="0" time="13.661" errors="0">
<testcase name="login" classname="login/login.spec.ts" time="13.661">
</testcase>
</testsuite>
<testsuite name="referralCouponn/referralCoupon.spec.ts" timestamp="2026-02-27T02:49:24.272Z" hostname="chromium" tests="1" failures="0" skipped="0" time="24.392" errors="0">
<testcase name="referral" classname="referralCouponn/referralCoupon.spec.ts" time="24.392">
</testcase>
</testsuite>
<testsuite name="register/register.spec.ts" timestamp="2026-02-27T02:49:24.272Z" hostname="chromium" tests="2" failures="0" skipped="0" time="58.144" errors="0">
<testcase name="check default page on load" classname="register/register.spec.ts" time="4.12">
</testcase>
<testcase name="register" classname="register/register.spec.ts" time="54.024">
</testcase>
</testsuite>
</testsuites>